// Jest Snapshot v1, https://goo.gl/fbAQLP

exports[`renders snapshot 1`] = `
<div>
  <div
    class="form-container"
  >
    <div
      class="form"
    >
      <div
        class="form-field"
      >
        <label
          for="name"
        >
          Nome do Produto
        </label>
        <input
          id="name"
          type="text"
          value=""
        />
      </div>
      <div
        class="form-field"
      >
        <label
          for="price"
        >
          Preço
        </label>
        <input
          id="price"
          type="number"
          value="0"
        />
      </div>
      <div
        class="form-field"
      >
        <label
          for="description"
        >
          Descrição
        </label>
        <input
          id="description"
          type="text"
          value=""
        />
      </div>
      <div
        class="form-field"
      >
        <label
          for="picture"
        >
          Foto (url)
        </label>
        <input
          id="picture"
          type="text"
          value=""
        />
      </div>
      <button
        class="submit--button"
        disabled=""
        title="Submit form"
      >
        Submit
      </button>
    </div>
  </div>
  <div
    class="return-icon--container"
  >
    <a
      class="return-icon"
      href="/"
    >
      <img
        alt="Retornar à página anterior"
        src="left-arrow.svg"
      />
      Voltar
    </a>
  </div>
</div>
`;
