// Jest Snapshot v1, https://goo.gl/fbAQLP

exports[`renders snapshot 1`] = `
<div>
  <div
    class="form-container"
  >
    <form>
      <label
        class="form-field"
      >
        Nome do Produto:
        <input
          class="form-field--input"
          name="name"
          type="text"
          value=""
        />
      </label>
      <label
        class="form-field"
      >
        Preço:
        <input
          class="form-field--input"
          name="price"
          type="number"
          value="0"
        />
      </label>
      <input
        class="submit"
        disabled=""
        type="submit"
        value="Enviar"
      />
    </form>
    <div
      class="return-icon--container"
    >
      <a
        class="return-icon"
        href="/"
      >
        <img
          alt="Retornar à página anterior"
          src="left-arrow.svg"
        />
        Voltar
      </a>
    </div>
  </div>
</div>
`;
