// Jest Snapshot v1, https://goo.gl/fbAQLP

exports[`renders snapshot 1`] = `
<div>
  <div
    class="return-icon--container"
  >
    <a
      class="return-icon"
      href="/"
    >
      <img
        alt="Retornar à página anterior"
        src="left-arrow.svg"
      />
      Voltar
    </a>
  </div>
</div>
`;
